// Jest Snapshot v1, https://goo.gl/fbAQLP

exports[`Find Sequence Last generation matches snapshot: findSequence1 1`] = `
Object {
  "evaluatedPopulation": Array [
    Object {
      "fitness": 49,
      "individual": Array [
        false,
        false,
        false,
        false,
        true,
        true,
        true,
        true,
        true,
        true,
        false,
        false,
        true,
        true,
        true,
        true,
        false,
        false,
        true,
        true,
        true,
        false,
        false,
        false,
        false,
        false,
        true,
        true,
        true,
        false,
        false,
        false,
        false,
        false,
        false,
        false,
        false,
        true,
        true,
        false,
        true,
        false,
        true,
        false,
        true,
        true,
        false,
        true,
        true,
        true,
      ],
    },
    Object {
      "fitness": 49,
      "individual": Array [
        false,
        false,
        false,
        false,
        true,
        true,
        true,
        true,
        true,
        true,
        false,
        false,
        true,
        true,
        true,
        true,
        false,
        false,
        true,
        true,
        true,
        false,
        false,
        false,
        false,
        false,
        true,
        true,
        true,
        false,
        false,
        false,
        false,
        false,
        false,
        false,
        false,
        true,
        true,
        false,
        true,
        false,
        true,
        false,
        true,
        true,
        false,
        true,
        true,
        true,
      ],
    },
    Object {
      "fitness": 49,
      "individual": Array [
        false,
        false,
        false,
        false,
        true,
        true,
        true,
        true,
        true,
        true,
        false,
        false,
        true,
        true,
        true,
        true,
        false,
        false,
        true,
        true,
        true,
        false,
        false,
        false,
        false,
        false,
        true,
        true,
        true,
        false,
        false,
        false,
        false,
        false,
        false,
        false,
        false,
        true,
        true,
        false,
        true,
        false,
        true,
        false,
        true,
        true,
        false,
        true,
        true,
        true,
      ],
    },
    Object {
      "fitness": 49,
      "individual": Array [
        false,
        false,
        false,
        false,
        true,
        true,
        true,
        true,
        true,
        true,
        false,
        false,
        true,
        true,
        true,
        true,
        false,
        false,
        true,
        true,
        true,
        false,
        false,
        false,
        false,
        false,
        true,
        true,
        true,
        false,
        false,
        false,
        false,
        false,
        false,
        false,
        false,
        true,
        true,
        false,
        true,
        false,
        true,
        false,
        true,
        true,
        false,
        true,
        true,
        true,
      ],
    },
    Object {
      "fitness": 49,
      "individual": Array [
        false,
        false,
        false,
        false,
        true,
        true,
        true,
        true,
        true,
        true,
        false,
        false,
        true,
        true,
        true,
        true,
        false,
        false,
        true,
        true,
        true,
        false,
        false,
        false,
        false,
        false,
        true,
        true,
        true,
        false,
        false,
        false,
        false,
        false,
        false,
        false,
        false,
        true,
        true,
        false,
        true,
        false,
        true,
        false,
        true,
        true,
        false,
        true,
        true,
        true,
      ],
    },
    Object {
      "fitness": 49,
      "individual": Array [
        false,
        false,
        false,
        false,
        true,
        true,
        true,
        true,
        true,
        true,
        false,
        false,
        true,
        true,
        true,
        true,
        false,
        false,
        true,
        true,
        true,
        false,
        false,
        false,
        false,
        false,
        true,
        true,
        true,
        false,
        false,
        false,
        false,
        false,
        false,
        false,
        false,
        true,
        true,
        false,
        true,
        false,
        true,
        false,
        true,
        true,
        false,
        true,
        true,
        true,
      ],
    },
    Object {
      "fitness": 49,
      "individual": Array [
        false,
        false,
        false,
        false,
        true,
        true,
        true,
        true,
        true,
        true,
        false,
        false,
        true,
        true,
        true,
        true,
        false,
        false,
        true,
        true,
        true,
        false,
        false,
        false,
        false,
        false,
        true,
        true,
        true,
        false,
        false,
        false,
        false,
        false,
        false,
        false,
        false,
        true,
        true,
        false,
        true,
        false,
        true,
        false,
        true,
        true,
        false,
        true,
        true,
        true,
      ],
    },
    Object {
      "fitness": 49,
      "individual": Array [
        false,
        false,
        false,
        false,
        true,
        true,
        true,
        true,
        true,
        true,
        false,
        false,
        true,
        true,
        true,
        true,
        false,
        false,
        true,
        true,
        true,
        false,
        false,
        false,
        false,
        false,
        true,
        true,
        true,
        false,
        false,
        false,
        false,
        false,
        false,
        false,
        false,
        true,
        true,
        false,
        true,
        false,
        true,
        false,
        true,
        true,
        false,
        true,
        true,
        true,
      ],
    },
    Object {
      "fitness": 49,
      "individual": Array [
        false,
        false,
        false,
        false,
        true,
        true,
        true,
        true,
        true,
        true,
        false,
        false,
        true,
        true,
        true,
        true,
        false,
        false,
        true,
        true,
        true,
        false,
        false,
        false,
        false,
        false,
        true,
        true,
        true,
        false,
        false,
        false,
        false,
        false,
        false,
        false,
        false,
        true,
        true,
        false,
        true,
        false,
        true,
        false,
        true,
        true,
        false,
        true,
        true,
        true,
      ],
    },
    Object {
      "fitness": 49,
      "individual": Array [
        false,
        false,
        false,
        false,
        true,
        true,
        true,
        true,
        true,
        true,
        false,
        false,
        true,
        true,
        true,
        true,
        false,
        false,
        true,
        true,
        true,
        false,
        false,
        false,
        false,
        false,
        true,
        true,
        true,
        false,
        false,
        false,
        false,
        false,
        false,
        false,
        false,
        true,
        true,
        false,
        true,
        false,
        true,
        false,
        true,
        true,
        false,
        true,
        true,
        true,
      ],
    },
    Object {
      "fitness": 49,
      "individual": Array [
        false,
        false,
        false,
        false,
        true,
        true,
        true,
        true,
        true,
        true,
        false,
        false,
        true,
        true,
        true,
        true,
        false,
        false,
        true,
        true,
        true,
        false,
        false,
        false,
        false,
        false,
        true,
        true,
        true,
        false,
        false,
        false,
        false,
        false,
        false,
        false,
        false,
        true,
        true,
        false,
        true,
        false,
        true,
        false,
        true,
        true,
        false,
        true,
        true,
        true,
      ],
    },
    Object {
      "fitness": 49,
      "individual": Array [
        false,
        false,
        false,
        false,
        true,
        true,
        true,
        true,
        true,
        true,
        false,
        false,
        true,
        true,
        true,
        true,
        false,
        false,
        true,
        true,
        true,
        false,
        false,
        false,
        false,
        false,
        true,
        true,
        true,
        false,
        false,
        false,
        false,
        false,
        false,
        false,
        false,
        true,
        true,
        false,
        true,
        false,
        true,
        false,
        true,
        true,
        false,
        true,
        true,
        true,
      ],
    },
    Object {
      "fitness": 49,
      "individual": Array [
        false,
        false,
        false,
        false,
        true,
        true,
        true,
        true,
        true,
        true,
        false,
        false,
        true,
        true,
        true,
        true,
        false,
        false,
        true,
        true,
        true,
        false,
        false,
        false,
        false,
        false,
        true,
        true,
        true,
        false,
        false,
        false,
        false,
        false,
        false,
        false,
        false,
        true,
        true,
        false,
        true,
        false,
        true,
        false,
        true,
        true,
        false,
        true,
        true,
        true,
      ],
    },
    Object {
      "fitness": 49,
      "individual": Array [
        false,
        false,
        false,
        false,
        true,
        true,
        true,
        true,
        true,
        true,
        false,
        false,
        true,
        true,
        true,
        true,
        false,
        false,
        true,
        true,
        true,
        false,
        false,
        false,
        false,
        false,
        true,
        true,
        true,
        false,
        false,
        false,
        false,
        false,
        false,
        false,
        false,
        true,
        true,
        false,
        true,
        false,
        true,
        false,
        true,
        true,
        false,
        true,
        true,
        true,
      ],
    },
    Object {
      "fitness": 49,
      "individual": Array [
        false,
        false,
        false,
        false,
        true,
        true,
        true,
        true,
        true,
        true,
        false,
        false,
        true,
        true,
        true,
        true,
        false,
        false,
        true,
        true,
        true,
        false,
        false,
        false,
        false,
        false,
        true,
        true,
        true,
        false,
        false,
        false,
        false,
        false,
        false,
        false,
        false,
        true,
        true,
        false,
        true,
        false,
        true,
        false,
        true,
        true,
        false,
        true,
        true,
        true,
      ],
    },
    Object {
      "fitness": 49,
      "individual": Array [
        false,
        false,
        false,
        false,
        true,
        true,
        true,
        true,
        true,
        true,
        false,
        false,
        true,
        true,
        true,
        true,
        false,
        false,
        true,
        true,
        true,
        false,
        false,
        false,
        false,
        false,
        true,
        true,
        true,
        false,
        false,
        false,
        false,
        false,
        false,
        false,
        false,
        true,
        true,
        false,
        true,
        false,
        true,
        false,
        true,
        true,
        false,
        true,
        true,
        true,
      ],
    },
    Object {
      "fitness": 49,
      "individual": Array [
        false,
        false,
        false,
        false,
        true,
        true,
        true,
        true,
        true,
        true,
        false,
        false,
        true,
        true,
        true,
        true,
        false,
        false,
        true,
        true,
        true,
        false,
        false,
        false,
        false,
        false,
        true,
        true,
        true,
        false,
        false,
        false,
        false,
        false,
        false,
        false,
        false,
        true,
        true,
        false,
        true,
        false,
        true,
        false,
        true,
        true,
        false,
        true,
        true,
        true,
      ],
    },
    Object {
      "fitness": 49,
      "individual": Array [
        false,
        false,
        false,
        false,
        true,
        true,
        true,
        true,
        true,
        true,
        false,
        false,
        true,
        true,
        true,
        true,
        false,
        false,
        true,
        true,
        true,
        false,
        false,
        false,
        false,
        false,
        true,
        true,
        true,
        false,
        false,
        false,
        false,
        false,
        false,
        false,
        false,
        true,
        true,
        false,
        true,
        false,
        true,
        false,
        true,
        true,
        false,
        true,
        true,
        true,
      ],
    },
    Object {
      "fitness": 49,
      "individual": Array [
        false,
        false,
        false,
        false,
        true,
        true,
        true,
        true,
        true,
        true,
        false,
        false,
        true,
        true,
        true,
        true,
        false,
        false,
        true,
        true,
        true,
        false,
        false,
        false,
        false,
        false,
        true,
        true,
        true,
        false,
        false,
        false,
        false,
        false,
        false,
        false,
        false,
        true,
        true,
        false,
        true,
        false,
        true,
        false,
        true,
        true,
        false,
        true,
        true,
        true,
      ],
    },
    Object {
      "fitness": 49,
      "individual": Array [
        false,
        false,
        false,
        false,
        true,
        true,
        true,
        true,
        true,
        true,
        false,
        false,
        true,
        true,
        true,
        true,
        false,
        false,
        true,
        true,
        true,
        false,
        false,
        false,
        false,
        false,
        true,
        true,
        true,
        false,
        false,
        false,
        false,
        false,
        false,
        false,
        false,
        true,
        true,
        false,
        true,
        false,
        true,
        false,
        true,
        true,
        false,
        true,
        true,
        true,
      ],
    },
    Object {
      "fitness": 49,
      "individual": Array [
        false,
        false,
        false,
        false,
        true,
        true,
        true,
        true,
        true,
        true,
        false,
        false,
        true,
        true,
        true,
        true,
        false,
        false,
        true,
        true,
        true,
        false,
        false,
        false,
        false,
        false,
        true,
        true,
        true,
        false,
        false,
        false,
        false,
        false,
        false,
        false,
        false,
        true,
        true,
        false,
        true,
        false,
        true,
        false,
        true,
        true,
        false,
        true,
        true,
        true,
      ],
    },
    Object {
      "fitness": 49,
      "individual": Array [
        false,
        false,
        false,
        false,
        true,
        true,
        true,
        true,
        true,
        true,
        false,
        false,
        true,
        true,
        true,
        true,
        false,
        false,
        true,
        true,
        true,
        false,
        false,
        false,
        false,
        false,
        true,
        true,
        true,
        false,
        false,
        false,
        false,
        false,
        false,
        false,
        false,
        true,
        true,
        false,
        true,
        false,
        true,
        false,
        true,
        true,
        false,
        true,
        true,
        true,
      ],
    },
    Object {
      "fitness": 49,
      "individual": Array [
        false,
        false,
        false,
        false,
        true,
        true,
        true,
        true,
        true,
        true,
        false,
        false,
        true,
        true,
        true,
        true,
        false,
        false,
        true,
        true,
        true,
        false,
        false,
        false,
        false,
        false,
        true,
        true,
        true,
        false,
        false,
        false,
        false,
        false,
        false,
        false,
        false,
        true,
        true,
        false,
        true,
        false,
        true,
        false,
        true,
        true,
        false,
        true,
        true,
        true,
      ],
    },
    Object {
      "fitness": 49,
      "individual": Array [
        false,
        false,
        false,
        false,
        true,
        true,
        true,
        true,
        true,
        true,
        false,
        false,
        true,
        true,
        true,
        true,
        false,
        false,
        true,
        true,
        true,
        false,
        false,
        false,
        false,
        false,
        true,
        true,
        true,
        false,
        false,
        false,
        false,
        false,
        false,
        false,
        false,
        true,
        true,
        false,
        true,
        false,
        true,
        false,
        true,
        true,
        false,
        true,
        true,
        true,
      ],
    },
    Object {
      "fitness": 49,
      "individual": Array [
        false,
        false,
        false,
        false,
        true,
        true,
        true,
        true,
        true,
        true,
        false,
        false,
        true,
        true,
        true,
        true,
        false,
        false,
        true,
        true,
        true,
        false,
        false,
        false,
        false,
        false,
        true,
        true,
        true,
        false,
        false,
        false,
        false,
        false,
        false,
        false,
        false,
        true,
        true,
        false,
        true,
        false,
        true,
        false,
        true,
        true,
        false,
        true,
        true,
        true,
      ],
    },
    Object {
      "fitness": 49,
      "individual": Array [
        false,
        false,
        false,
        false,
        true,
        true,
        true,
        true,
        true,
        true,
        false,
        false,
        true,
        true,
        true,
        true,
        false,
        false,
        true,
        true,
        true,
        false,
        false,
        false,
        false,
        false,
        true,
        true,
        true,
        false,
        false,
        false,
        false,
        false,
        false,
        false,
        false,
        true,
        true,
        false,
        true,
        false,
        true,
        false,
        true,
        true,
        false,
        true,
        true,
        true,
      ],
    },
    Object {
      "fitness": 49,
      "individual": Array [
        false,
        false,
        false,
        false,
        true,
        true,
        true,
        true,
        true,
        true,
        false,
        false,
        true,
        true,
        true,
        true,
        false,
        false,
        true,
        true,
        true,
        false,
        false,
        false,
        false,
        false,
        true,
        true,
        true,
        false,
        false,
        false,
        false,
        false,
        false,
        false,
        false,
        true,
        true,
        false,
        true,
        false,
        true,
        false,
        true,
        true,
        false,
        true,
        true,
        true,
      ],
    },
    Object {
      "fitness": 50,
      "individual": Array [
        false,
        false,
        false,
        false,
        true,
        true,
        true,
        false,
        true,
        true,
        false,
        false,
        true,
        true,
        true,
        true,
        false,
        false,
        true,
        true,
        true,
        false,
        false,
        false,
        false,
        false,
        true,
        true,
        true,
        false,
        false,
        false,
        false,
        false,
        false,
        false,
        false,
        true,
        true,
        false,
        true,
        false,
        true,
        false,
        true,
        true,
        false,
        true,
        true,
        true,
      ],
    },
    Object {
      "fitness": 49,
      "individual": Array [
        false,
        false,
        false,
        false,
        true,
        true,
        true,
        true,
        true,
        true,
        false,
        false,
        true,
        true,
        true,
        true,
        false,
        false,
        true,
        true,
        true,
        false,
        false,
        false,
        false,
        false,
        true,
        true,
        true,
        false,
        false,
        false,
        false,
        false,
        false,
        false,
        false,
        true,
        true,
        false,
        true,
        false,
        true,
        false,
        true,
        true,
        false,
        true,
        true,
        true,
      ],
    },
    Object {
      "fitness": 49,
      "individual": Array [
        false,
        false,
        false,
        false,
        true,
        true,
        true,
        true,
        true,
        true,
        false,
        false,
        true,
        true,
        true,
        true,
        false,
        false,
        true,
        true,
        true,
        false,
        false,
        false,
        false,
        false,
        true,
        true,
        true,
        false,
        false,
        false,
        false,
        false,
        false,
        false,
        false,
        true,
        true,
        false,
        true,
        false,
        true,
        false,
        true,
        true,
        false,
        true,
        true,
        true,
      ],
    },
    Object {
      "fitness": 49,
      "individual": Array [
        false,
        false,
        false,
        false,
        true,
        true,
        true,
        true,
        true,
        true,
        false,
        false,
        true,
        true,
        true,
        true,
        false,
        false,
        true,
        true,
        true,
        false,
        false,
        false,
        false,
        false,
        true,
        true,
        true,
        false,
        false,
        false,
        false,
        false,
        false,
        false,
        false,
        true,
        true,
        false,
        true,
        false,
        true,
        false,
        true,
        true,
        false,
        true,
        true,
        true,
      ],
    },
    Object {
      "fitness": 49,
      "individual": Array [
        false,
        false,
        false,
        false,
        true,
        true,
        true,
        true,
        true,
        true,
        false,
        false,
        true,
        true,
        true,
        true,
        false,
        false,
        true,
        true,
        true,
        false,
        false,
        false,
        false,
        false,
        true,
        true,
        true,
        false,
        false,
        false,
        false,
        false,
        false,
        false,
        false,
        true,
        true,
        false,
        true,
        false,
        true,
        false,
        true,
        true,
        false,
        true,
        true,
        true,
      ],
    },
    Object {
      "fitness": 49,
      "individual": Array [
        false,
        false,
        false,
        false,
        true,
        true,
        true,
        true,
        true,
        true,
        false,
        false,
        true,
        true,
        true,
        true,
        false,
        false,
        true,
        true,
        true,
        false,
        false,
        false,
        false,
        false,
        true,
        true,
        true,
        false,
        false,
        false,
        false,
        false,
        false,
        false,
        false,
        true,
        true,
        false,
        true,
        false,
        true,
        false,
        true,
        true,
        false,
        true,
        true,
        true,
      ],
    },
    Object {
      "fitness": 49,
      "individual": Array [
        false,
        false,
        false,
        false,
        true,
        true,
        true,
        true,
        true,
        true,
        false,
        false,
        true,
        true,
        true,
        true,
        false,
        false,
        true,
        true,
        true,
        false,
        false,
        false,
        false,
        false,
        true,
        true,
        true,
        false,
        false,
        false,
        false,
        false,
        false,
        false,
        false,
        true,
        true,
        false,
        true,
        false,
        true,
        false,
        true,
        true,
        false,
        true,
        true,
        true,
      ],
    },
    Object {
      "fitness": 49,
      "individual": Array [
        false,
        false,
        false,
        false,
        true,
        true,
        true,
        true,
        true,
        true,
        false,
        false,
        true,
        true,
        true,
        true,
        false,
        false,
        true,
        true,
        true,
        false,
        false,
        false,
        false,
        false,
        true,
        true,
        true,
        false,
        false,
        false,
        false,
        false,
        false,
        false,
        false,
        true,
        true,
        false,
        true,
        false,
        true,
        false,
        true,
        true,
        false,
        true,
        true,
        true,
      ],
    },
    Object {
      "fitness": 49,
      "individual": Array [
        false,
        false,
        false,
        false,
        true,
        true,
        true,
        true,
        true,
        true,
        false,
        false,
        true,
        true,
        true,
        true,
        false,
        false,
        true,
        true,
        true,
        false,
        false,
        false,
        false,
        false,
        true,
        true,
        true,
        false,
        false,
        false,
        false,
        false,
        false,
        false,
        false,
        true,
        true,
        false,
        true,
        false,
        true,
        false,
        true,
        true,
        false,
        true,
        true,
        true,
      ],
    },
    Object {
      "fitness": 49,
      "individual": Array [
        false,
        false,
        false,
        false,
        true,
        true,
        true,
        true,
        true,
        true,
        false,
        false,
        true,
        true,
        true,
        true,
        false,
        false,
        true,
        true,
        true,
        false,
        false,
        false,
        false,
        false,
        true,
        true,
        true,
        false,
        false,
        false,
        false,
        false,
        false,
        false,
        false,
        true,
        true,
        false,
        true,
        false,
        true,
        false,
        true,
        true,
        false,
        true,
        true,
        true,
      ],
    },
    Object {
      "fitness": 49,
      "individual": Array [
        false,
        false,
        false,
        false,
        true,
        true,
        true,
        true,
        true,
        true,
        false,
        false,
        true,
        true,
        true,
        true,
        false,
        false,
        true,
        true,
        true,
        false,
        false,
        false,
        false,
        false,
        true,
        true,
        true,
        false,
        false,
        false,
        false,
        false,
        false,
        false,
        false,
        true,
        true,
        false,
        true,
        false,
        true,
        false,
        true,
        true,
        false,
        true,
        true,
        true,
      ],
    },
    Object {
      "fitness": 49,
      "individual": Array [
        false,
        false,
        false,
        false,
        true,
        true,
        true,
        true,
        true,
        true,
        false,
        false,
        true,
        true,
        true,
        true,
        false,
        false,
        true,
        true,
        true,
        false,
        false,
        false,
        false,
        false,
        true,
        true,
        true,
        false,
        false,
        false,
        false,
        false,
        false,
        false,
        false,
        true,
        true,
        false,
        true,
        false,
        true,
        false,
        true,
        true,
        false,
        true,
        true,
        true,
      ],
    },
    Object {
      "fitness": 49,
      "individual": Array [
        false,
        false,
        false,
        false,
        true,
        true,
        true,
        true,
        true,
        true,
        false,
        false,
        true,
        true,
        true,
        true,
        false,
        false,
        true,
        true,
        true,
        false,
        false,
        false,
        false,
        false,
        true,
        true,
        true,
        false,
        false,
        false,
        false,
        false,
        false,
        false,
        false,
        true,
        true,
        false,
        true,
        false,
        true,
        false,
        true,
        true,
        false,
        true,
        true,
        true,
      ],
    },
    Object {
      "fitness": 49,
      "individual": Array [
        false,
        false,
        false,
        false,
        true,
        true,
        true,
        true,
        true,
        true,
        false,
        false,
        true,
        true,
        true,
        true,
        false,
        false,
        true,
        true,
        true,
        false,
        false,
        false,
        false,
        false,
        true,
        true,
        true,
        false,
        false,
        false,
        false,
        false,
        false,
        false,
        false,
        true,
        true,
        false,
        true,
        false,
        true,
        false,
        true,
        true,
        false,
        true,
        true,
        true,
      ],
    },
    Object {
      "fitness": 49,
      "individual": Array [
        false,
        false,
        false,
        false,
        true,
        true,
        true,
        true,
        true,
        true,
        false,
        false,
        true,
        true,
        true,
        true,
        false,
        false,
        true,
        true,
        true,
        false,
        false,
        false,
        false,
        false,
        true,
        true,
        true,
        false,
        false,
        false,
        false,
        false,
        false,
        false,
        false,
        true,
        true,
        false,
        true,
        false,
        true,
        false,
        true,
        true,
        false,
        true,
        true,
        true,
      ],
    },
    Object {
      "fitness": 49,
      "individual": Array [
        false,
        false,
        false,
        false,
        true,
        true,
        true,
        true,
        true,
        true,
        false,
        false,
        true,
        true,
        true,
        true,
        false,
        false,
        true,
        true,
        true,
        false,
        false,
        false,
        false,
        false,
        true,
        true,
        true,
        false,
        false,
        false,
        false,
        false,
        false,
        false,
        false,
        true,
        true,
        false,
        true,
        false,
        true,
        false,
        true,
        true,
        false,
        true,
        true,
        true,
      ],
    },
    Object {
      "fitness": 49,
      "individual": Array [
        false,
        false,
        false,
        false,
        true,
        true,
        true,
        true,
        true,
        true,
        false,
        false,
        true,
        true,
        true,
        true,
        false,
        false,
        true,
        true,
        true,
        false,
        false,
        false,
        false,
        false,
        true,
        true,
        true,
        false,
        false,
        false,
        false,
        false,
        false,
        false,
        false,
        true,
        true,
        false,
        true,
        false,
        true,
        false,
        true,
        true,
        false,
        true,
        true,
        true,
      ],
    },
    Object {
      "fitness": 49,
      "individual": Array [
        false,
        false,
        false,
        false,
        true,
        true,
        true,
        true,
        true,
        true,
        false,
        false,
        true,
        true,
        true,
        true,
        false,
        false,
        true,
        true,
        true,
        false,
        false,
        false,
        false,
        false,
        true,
        true,
        true,
        false,
        false,
        false,
        false,
        false,
        false,
        false,
        false,
        true,
        true,
        false,
        true,
        false,
        true,
        false,
        true,
        true,
        false,
        true,
        true,
        true,
      ],
    },
    Object {
      "fitness": 49,
      "individual": Array [
        false,
        false,
        false,
        false,
        true,
        true,
        true,
        true,
        true,
        true,
        false,
        false,
        true,
        true,
        true,
        true,
        false,
        false,
        true,
        true,
        true,
        false,
        false,
        false,
        false,
        false,
        true,
        true,
        true,
        false,
        false,
        false,
        false,
        false,
        false,
        false,
        false,
        true,
        true,
        false,
        true,
        false,
        true,
        false,
        true,
        true,
        false,
        true,
        true,
        true,
      ],
    },
    Object {
      "fitness": 49,
      "individual": Array [
        false,
        false,
        false,
        false,
        true,
        true,
        true,
        true,
        true,
        true,
        false,
        false,
        true,
        true,
        true,
        true,
        false,
        false,
        true,
        true,
        true,
        false,
        false,
        false,
        false,
        false,
        true,
        true,
        true,
        false,
        false,
        false,
        false,
        false,
        false,
        false,
        false,
        true,
        true,
        false,
        true,
        false,
        true,
        false,
        true,
        true,
        false,
        true,
        true,
        true,
      ],
    },
    Object {
      "fitness": 49,
      "individual": Array [
        false,
        false,
        false,
        false,
        true,
        true,
        true,
        true,
        true,
        true,
        false,
        false,
        true,
        true,
        true,
        true,
        false,
        false,
        true,
        true,
        true,
        false,
        false,
        false,
        false,
        false,
        true,
        true,
        true,
        false,
        false,
        false,
        false,
        false,
        false,
        false,
        false,
        true,
        true,
        false,
        true,
        false,
        true,
        false,
        true,
        true,
        false,
        true,
        true,
        true,
      ],
    },
    Object {
      "fitness": 49,
      "individual": Array [
        false,
        false,
        false,
        false,
        true,
        true,
        true,
        true,
        true,
        true,
        false,
        false,
        true,
        true,
        true,
        true,
        false,
        false,
        true,
        true,
        true,
        false,
        false,
        false,
        false,
        false,
        true,
        true,
        true,
        false,
        false,
        false,
        false,
        false,
        false,
        false,
        false,
        true,
        true,
        false,
        true,
        false,
        true,
        false,
        true,
        true,
        false,
        true,
        true,
        true,
      ],
    },
    Object {
      "fitness": 49,
      "individual": Array [
        false,
        false,
        false,
        false,
        true,
        true,
        true,
        true,
        true,
        true,
        false,
        false,
        true,
        true,
        true,
        true,
        false,
        false,
        true,
        true,
        true,
        false,
        false,
        false,
        false,
        false,
        true,
        true,
        true,
        false,
        false,
        false,
        false,
        false,
        false,
        false,
        false,
        true,
        true,
        false,
        true,
        false,
        true,
        false,
        true,
        true,
        false,
        true,
        true,
        true,
      ],
    },
  ],
  "generation": 69,
}
`;
